requirements:
  - REQ-FRONTMATTER-001
  - REQ-FRONTMATTER-002
  - REQ-FRONTMATTER-003
  - REQ-SPACING-001
  - REQ-TASKS-001
  - REQ-TASKS-002
  - REQ-TASKS-003
  - REQ-BLOCKID-001
  - REQ-BLOCKREF-001
  - REQ-LINKPATH-001
  - REQ-STRUCTURE-002
